[    0.000000] Linux version 4.15.0-74-generic (buildd@lcy01-amd64-022) (gcc version 7.4.0 (Ubuntu 7.4.0-1ubuntu1~18.04.1)) #84-Ubuntu SMP Thu Dec 19 08:06:28 UTC 2019 (Ubuntu 4.15.0-74.84-generic 4.15.18)
[    0.000000] Command line: BOOT_IMAGE=/boot/vmlinuz-4.15.0-74-generic root=LABEL=cloudimg-rootfs ro console=tty1 console=ttyS0
[    0.000000] KERNEL supported cpus:
[    0.000000]   Intel GenuineIntel
[    0.000000]   AMD AuthenticAMD
[    0.000000]   Centaur CentaurHauls
[    0.000000] x86/fpu: Supporting XSAVE feature 0x001: 'x87 floating point registers'
[    0.000000] x86/fpu: Supporting XSAVE feature 0x002: 'SSE registers'
[    0.000000] x86/fpu: Supporting XSAVE feature 0x004: 'AVX registers'
[    0.000000] x86/fpu: xstate_offset[2]:  576, xstate_sizes[2]:  256
[    0.000000] x86/fpu: Enabled xstate features 0x7, context size is 832 bytes, using 'standard' format.
[    0.000000] e820: BIOS-provided physical RAM map:
[    0.000000] BIOS-e820: [mem 0x0000000000000000-0x000000000009fbff] usable
[    0.000000] BIOS-e820: [mem 0x000000000009fc00-0x000000000009ffff] reserved
[    0.000000] BIOS-e820: [mem 0x00000000000f0000-0x00000000000fffff] reserved
[    0.000000] BIOS-e820: [mem 0x0000000000100000-0x000000003ffeffff] usable
[    0.000000] BIOS-e820: [mem 0x000000003fff0000-0x000000003fffffff] ACPI data
[    0.000000] BIOS-e820: [mem 0x00000000fec00000-0x00000000fec00fff] reserved
[    0.000000] BIOS-e820: [mem 0x00000000fee00000-0x00000000fee00fff] reserved
[    0.000000] BIOS-e820: [mem 0x00000000fffc0000-0x00000000ffffffff] reserved
[    0.000000] NX (Execute Disable) protection: active
[    0.000000] SMBIOS 2.5 present.
[    0.000000] DMI: innotek GmbH VirtualBox/VirtualBox, BIOS VirtualBox 12/01/2006
[    0.000000] Hypervisor detected: KVM
[    0.000000] e820: last_pfn = 0x3fff0 max_arch_pfn = 0x400000000
[    0.000000] MTRR: Disabled
[    0.000000] x86/PAT: MTRRs disabled, skipping PAT initialization too.
[    0.000000] CPU MTRRs all blank - virtualized system.
[    0.000000] x86/PAT: Configuration [0-7]: WB  WT  UC- UC  WB  WT  UC- UC  
[    0.000000] found SMP MP-table at [mem 0x0009fff0-0x0009ffff]
[    0.000000] Scanning 1 areas for low memory corruption
[    0.000000] RAMDISK: [mem 0x35a6f000-0x36d2efff]
[    0.000000] ACPI: Early table checksum verification disabled
[    0.000000] ACPI: RSDP 0x00000000000E0000 000024 (v02 VBOX  )
[    0.000000] ACPI: XSDT 0x000000003FFF0030 00003C (v01 VBOX   VBOXXSDT 00000001 ASL  00000061)
[    0.000000] ACPI: FACP 0x000000003FFF00F0 0000F4 (v04 VBOX   VBOXFACP 00000001 ASL  00000061)
[    0.000000] ACPI: DSDT 0x000000003FFF0470 0022EA (v02 VBOX   VBOXBIOS 00000002 INTL 20100528)
[    0.000000] ACPI: FACS 0x000000003FFF0200 000040
[    0.000000] ACPI: FACS 0x000000003FFF0200 000040
[    0.000000] ACPI: APIC 0x000000003FFF0240 00005C (v02 VBOX   VBOXAPIC 00000001 ASL  00000061)
[    0.000000] ACPI: SSDT 0x000000003FFF02A0 0001CC (v01 VBOX   VBOXCPUT 00000002 INTL 20100528)
[    0.000000] No NUMA configuration found
[    0.000000] Faking a node at [mem 0x0000000000000000-0x000000003ffeffff]
[    0.000000] NODE_DATA(0) allocated [mem 0x3ffc5000-0x3ffeffff]
[    0.000000] kvm-clock: cpu 0, msr 0:3ff44001, primary cpu clock
[    0.000000] kvm-clock: Using msrs 4b564d01 and 4b564d00
[    0.000000] kvm-clock: using sched offset of 4547175184 cycles
[    0.000000] clocksource: kvm-clock: mask: 0xffffffffffffffff max_cycles: 0x1cd42e4dffb, max_idle_ns: 881590591483 ns
[    0.000000] Zone ranges:
[    0.000000]   DMA      [mem 0x0000000000001000-0x0000000000ffffff]
[    0.000000]   DMA32    [mem 0x0000000001000000-0x000000003ffeffff]
[    0.000000]   Normal   empty
[    0.000000]   Device   empty
[    0.000000] Movable zone start for each node
[    0.000000] Early memory node ranges
[    0.000000]   node   0: [mem 0x0000000000001000-0x000000000009efff]
[    0.000000]   node   0: [mem 0x0000000000100000-0x000000003ffeffff]
[    0.000000] Reserved but unavailable: 98 pages
[    0.000000] Initmem setup node 0 [mem 0x0000000000001000-0x000000003ffeffff]
[    0.000000] ACPI: PM-Timer IO Port: 0x4008
[    0.000000] IOAPIC[0]: apic_id 2, version 32, address 0xfec00000, GSI 0-23
[    0.000000] ACPI: INT_SRC_OVR (bus 0 bus_irq 0 global_irq 2 dfl dfl)
[    0.000000] ACPI: INT_SRC_OVR (bus 0 bus_irq 9 global_irq 9 low level)
[    0.000000] Using ACPI (MADT) for SMP configuration information
[    0.000000] smpboot: Allowing 2 CPUs, 0 hotplug CPUs
[    0.000000] PM: Registered nosave memory: [mem 0x00000000-0x00000fff]
[    0.000000] PM: Registered nosave memory: [mem 0x0009f000-0x0009ffff]
[    0.000000] PM: Registered nosave memory: [mem 0x000a0000-0x000effff]
[    0.000000] PM: Registered nosave memory: [mem 0x000f0000-0x000fffff]
[    0.000000] e820: [mem 0x40000000-0xfebfffff] available for PCI devices
[    0.000000] Booting paravirtualized kernel on KVM
[    0.000000] clocksource: refined-jiffies: mask: 0xffffffff max_cycles: 0xffffffff, max_idle_ns: 7645519600211568 ns
[    0.000000] random: get_random_bytes called from start_kernel+0x99/0x4fd with crng_init=0
[    0.000000] setup_percpu: NR_CPUS:8192 nr_cpumask_bits:2 nr_cpu_ids:2 nr_node_ids:1
[    0.000000] percpu: Embedded 45 pages/cpu s147456 r8192 d28672 u1048576
[    0.000000] PV qspinlock hash table entries: 256 (order: 0, 4096 bytes)
[    0.000000] Built 1 zonelists, mobility grouping on.  Total pages: 257913
[    0.000000] Policy zone: DMA32
[    0.000000] Kernel command line: BOOT_IMAGE=/boot/vmlinuz-4.15.0-74-generic root=LABEL=cloudimg-rootfs ro console=tty1 console=ttyS0
[    0.000000] Memory: 983080K/1048120K available (12300K kernel code, 2481K rwdata, 4260K rodata, 2428K init, 2704K bss, 65040K reserved, 0K cma-reserved)
[    0.000000] SLUB: HWalign=64, Order=0-3, MinObjects=0, CPUs=2, Nodes=1
[    0.000000] Kernel/User page tables isolation: enabled
[    0.000000] ftrace: allocating 39322 entries in 154 pages
[    0.004000] Hierarchical RCU implementation.
[    0.004000] 	RCU restricting CPUs from NR_CPUS=8192 to nr_cpu_ids=2.
[    0.004000] 	Tasks RCU enabled.
[    0.004000] RCU: Adjusting geometry for rcu_fanout_leaf=16, nr_cpu_ids=2
[    0.004000] NR_IRQS: 524544, nr_irqs: 440, preallocated irqs: 16
[    0.004000] Console: colour VGA+ 80x25
[    0.004000] console [tty1] enabled
[    0.004000] console [ttyS0] enabled
[    0.004000] ACPI: Core revision 20170831
[    0.004000] ACPI: 2 ACPI AML tables successfully acquired and loaded
[    0.004000] APIC: Switch to symmetric I/O mode setup
[    0.004000] x2apic enabled
[    0.004000] Switched APIC routing to physical x2apic.
[    0.004000] ..TIMER: vector=0x30 apic1=0 pin1=2 apic2=-1 pin2=-1
[    0.004005] tsc: Detected 2712.000 MHz processor
[    0.008020] Calibrating delay loop (skipped) preset value.. 5424.00 BogoMIPS (lpj=10848000)
[    0.010101] pid_max: default: 32768 minimum: 301
[    0.011215] Security Framework initialized
[    0.012003] Yama: becoming mindful.
[    0.012920] AppArmor: AppArmor initialized
[    0.016000] Dentry cache hash table entries: 131072 (order: 8, 1048576 bytes)
[    0.016082] Inode-cache hash table entries: 65536 (order: 7, 524288 bytes)
[    0.020026] Mount-cache hash table entries: 2048 (order: 2, 16384 bytes)
[    0.021683] Mountpoint-cache hash table entries: 2048 (order: 2, 16384 bytes)
[    0.024375] Last level iTLB entries: 4KB 64, 2MB 8, 4MB 8
[    0.025657] Last level dTLB entries: 4KB 64, 2MB 0, 4MB 0, 1GB 4
[    0.026946] Spectre V1 : Mitigation: usercopy/swapgs barriers and __user pointer sanitization
[    0.028004] Spectre V2 : Mitigation: Full generic retpoline
[    0.029260] Spectre V2 : Spectre v2 / SpectreRSB mitigation: Filling RSB on context switch
[    0.032002] Speculative Store Bypass: Vulnerable
[    0.033153] MDS: Vulnerable: Clear CPU buffers attempted, no microcode
[    0.034785] Freeing SMP alternatives memory: 36K
[    0.146851] smpboot: CPU0: Intel(R) Core(TM) i5-7200U CPU @ 2.50GHz (family: 0x6, model: 0x8e, stepping: 0x9)
[    0.148000] Performance Events: unsupported p6 CPU model 142 no PMU driver, software events only.
[    0.148043] Hierarchical SRCU implementation.
[    0.150288] NMI watchdog: Perf event create on CPU 0 failed with -2
[    0.152002] NMI watchdog: Perf NMI watchdog permanently disabled
[    0.153701] smp: Bringing up secondary CPUs ...
[    0.156103] x86: Booting SMP configuration:
[    0.157351] .... node  #0, CPUs:      #1
[    0.004000] kvm-clock: cpu 1, msr 0:3ff44041, secondary cpu clock
[    0.162233] smp: Brought up 1 node, 2 CPUs
[    0.162233] smpboot: Max logical packages: 1
[    0.164007] smpboot: Total of 2 processors activated (10848.00 BogoMIPS)
[    0.165716] devtmpfs: initialized
[    0.165716] x86/mm: Memory block size: 128MB
[    0.168204] evm: security.selinux
[    0.169153] evm: security.SMACK64
[    0.170136] evm: security.SMACK64EXEC
[    0.172004] evm: security.SMACK64TRANSMUTE
[    0.173485] evm: security.SMACK64MMAP
[    0.174647] evm: security.apparmor
[    0.175502] evm: security.ima
[    0.176005] evm: security.capability
[    0.177168] clocksource: jiffies: mask: 0xffffffff max_cycles: 0xffffffff, max_idle_ns: 7645041785100000 ns
[    0.180021] futex hash table entries: 512 (order: 3, 32768 bytes)
[    0.181828] pinctrl core: initialized pinctrl subsystem
[    0.184143] RTC time:  9:18:56, date: 01/28/20
[    0.185815] NET: Registered protocol family 16
[    0.188116] audit: initializing netlink subsys (disabled)
[    0.189832] audit: type=2000 audit(1580203142.101:1): state=initialized audit_enabled=0 res=1
[    0.192032] cpuidle: using governor ladder
[    0.193305] cpuidle: using governor menu
[    0.194597] ACPI: bus type PCI registered
[    0.196004] acpiphp: ACPI Hot Plug PCI Controller Driver version: 0.5
[    0.197829] PCI: Using configuration type 1 for base access
[    0.201828] HugeTLB registered 2.00 MiB page size, pre-allocated 0 pages
[    0.204155] ACPI: Added _OSI(Module Device)
[    0.205144] ACPI: Added _OSI(Processor Device)
[    0.206392] ACPI: Added _OSI(3.0 _SCP Extensions)
[    0.208004] ACPI: Added _OSI(Processor Aggregator Device)
[    0.209404] ACPI: Added _OSI(Linux-Dell-Video)
[    0.210646] ACPI: Added _OSI(Linux-Lenovo-NV-HDMI-Audio)
[    0.212018] ACPI: Added _OSI(Linux-HPI-Hybrid-Graphics)
[    0.213637] ACPI: Executed 1 blocks of module-level executable AML code
[    0.224378] ACPI: Interpreter enabled
[    0.225491] ACPI: (supports S0 S5)
[    0.226603] ACPI: Using IOAPIC for interrupt routing
[    0.228211] PCI: Using host bridge windows from ACPI; if necessary, use "pci=nocrs" and report a bug
[    0.230939] ACPI: Enabled 2 GPEs in block 00 to 07
[    0.245980] ACPI: PCI Root Bridge [PCI0] (domain 0000 [bus 00-ff])
[    0.247713] acpi PNP0A03:00: _OSC: OS supports [ASPM ClockPM Segments MSI]
[    0.248717] acpi PNP0A03:00: _OSC: not requesting OS control; OS requires [ExtendedConfig ASPM ClockPM MSI]
[    0.251136] acpi PNP0A03:00: fail to add MMCONFIG information, can't access extended PCI configuration space under this bridge.
[    0.252799] PCI host bridge to bus 0000:00
[    0.254509] pci_bus 0000:00: root bus resource [io  0x0000-0x0cf7 window]
[    0.256000] pci_bus 0000:00: root bus resource [io  0x0d00-0xffff window]
[    0.256006] pci_bus 0000:00: root bus resource [mem 0x000a0000-0x000bffff window]
[    0.258158] pci_bus 0000:00: root bus resource [mem 0x40000000-0xfdffffff window]
[    0.260005] pci_bus 0000:00: root bus resource [bus 00-ff]
[    0.267602] pci 0000:00:01.1: legacy IDE quirk: reg 0x10: [io  0x01f0-0x01f7]
[    0.268005] pci 0000:00:01.1: legacy IDE quirk: reg 0x14: [io  0x03f6]
[    0.269830] pci 0000:00:01.1: legacy IDE quirk: reg 0x18: [io  0x0170-0x0177]
[    0.272005] pci 0000:00:01.1: legacy IDE quirk: reg 0x1c: [io  0x0376]
[    0.307701] pci 0000:00:07.0: quirk: [io  0x4000-0x403f] claimed by PIIX4 ACPI
[    0.308034] pci 0000:00:07.0: quirk: [io  0x4100-0x410f] claimed by PIIX4 SMB
[    0.327310] ACPI: PCI Interrupt Link [LNKA] (IRQs 5 9 10 *11)
[    0.328880] ACPI: PCI Interrupt Link [LNKB] (IRQs 5 9 *10 11)
[    0.332283] ACPI: PCI Interrupt Link [LNKC] (IRQs 5 *9 10 11)
[    0.336282] ACPI: PCI Interrupt Link [LNKD] (IRQs 5 9 10 *11)
[    0.339550] SCSI subsystem initialized
[    0.344208] pci 0000:00:02.0: vgaarb: setting as boot VGA device
[    0.346746] pci 0000:00:02.0: vgaarb: VGA device added: decodes=io+mem,owns=io+mem,locks=none
[    0.352011] pci 0000:00:02.0: vgaarb: bridge control possible
[    0.352011] vgaarb: loaded
[    0.353432] ACPI: bus type USB registered
[    0.355321] usbcore: registered new interface driver usbfs
[    0.356024] usbcore: registered new interface driver hub
[    0.360049] usbcore: registered new device driver usb
[    0.364050] EDAC MC: Ver: 3.0.0
[    0.368078] PCI: Using ACPI for IRQ routing
[    0.369908] NetLabel: Initializing
[    0.370198] NetLabel:  domain hash size = 128
[    0.372000] NetLabel:  protocols = UNLABELED CIPSOv4 CALIPSO
[    0.372045] NetLabel:  unlabeled traffic allowed by default
[    0.380263] clocksource: Switched to clocksource kvm-clock
[    0.419252] VFS: Disk quotas dquot_6.6.0
[    0.421145] VFS: Dquot-cache hash table entries: 512 (order 0, 4096 bytes)
[    0.423299] AppArmor: AppArmor Filesystem Enabled
[    0.424768] pnp: PnP ACPI init
[    0.427766] pnp: PnP ACPI: found 3 devices
[    0.435438] clocksource: acpi_pm: mask: 0xffffff max_cycles: 0xffffff, max_idle_ns: 2085701024 ns
[    0.438144] NET: Registered protocol family 2
[    0.439613] TCP established hash table entries: 8192 (order: 4, 65536 bytes)
[    0.441568] TCP bind hash table entries: 8192 (order: 5, 131072 bytes)
[    0.449380] TCP: Hash tables configured (established 8192 bind 8192)
[    0.451342] UDP hash table entries: 512 (order: 2, 16384 bytes)
[    0.453297] UDP-Lite hash table entries: 512 (order: 2, 16384 bytes)
[    0.455249] NET: Registered protocol family 1
[    0.456602] pci 0000:00:00.0: Limiting direct PCI/PCI transfers
[    0.458266] pci 0000:00:01.0: Activating ISA DMA hang workarounds
[    0.460138] pci 0000:00:02.0: Video device with shadowed ROM at [mem 0x000c0000-0x000dffff]
[    0.462669] Unpacking initramfs...
[    0.939409] Freeing initrd memory: 19200K
[    0.940790] clocksource: tsc: mask: 0xffffffffffffffff max_cycles: 0x2717868ea45, max_idle_ns: 440795316085 ns
[    0.943152] platform rtc_cmos: registered platform RTC device (no PNP device found)
[    0.945244] Scanning for low memory corruption every 60 seconds
[    0.947584] Initialise system trusted keyrings
[    0.948907] Key type blacklist registered
[    0.950513] workingset: timestamp_bits=36 max_order=18 bucket_order=0
[    0.953851] zbud: loaded
[    0.955270] squashfs: version 4.0 (2009/01/31) Phillip Lougher
[    0.956907] fuse init (API version 7.26)
[    0.966211] Key type asymmetric registered
[    0.967537] Asymmetric key parser 'x509' registered
[    0.969181] Block layer SCSI generic (bsg) driver version 0.4 loaded (major 246)
[    0.971480] io scheduler noop registered
[    0.972798] io scheduler deadline registered
[    0.974069] io scheduler cfq registered (default)
[    0.975819] ACPI: AC Adapter [AC] (off-line)
[    0.977181] input: Power Button as /devices/LNXSYSTM:00/LNXPWRBN:00/input/input0
[    0.979318] ACPI: Power Button [PWRF]
[    0.980627] input: Sleep Button as /devices/LNXSYSTM:00/LNXSLPBN:00/input/input1
[    0.982455] ACPI: Sleep Button [SLPF]
[    0.983935] Serial: 8250/16550 driver, 32 ports, IRQ sharing enabled
[    0.985027] ACPI: Battery Slot [BAT0] (battery present)
[    1.007970] 00:02: ttyS0 at I/O 0x3f8 (irq = 4, base_baud = 115200) is a 16550A
[    1.015254] Linux agpgart interface v0.103
[    1.018970] loop: module loaded
[    1.021064] scsi host0: ata_piix
[    1.022493] scsi host1: ata_piix
[    1.023580] ata1: PATA max UDMA/33 cmd 0x1f0 ctl 0x3f6 bmdma 0xd000 irq 14
[    1.025583] ata2: PATA max UDMA/33 cmd 0x170 ctl 0x376 bmdma 0xd008 irq 15
[    1.028236] libphy: Fixed MDIO Bus: probed
[    1.029466] tun: Universal TUN/TAP device driver, 1.6
[    1.031046] PPP generic driver version 2.4.2
[    1.032445] ehci_hcd: USB 2.0 'Enhanced' Host Controller (EHCI) Driver
[    1.034143] ehci-pci: EHCI PCI platform driver
[    1.035286] ehci-platform: EHCI generic platform driver
[    1.036607] ohci_hcd: USB 1.1 'Open' Host Controller (OHCI) Driver
[    1.038032] ohci-pci: OHCI PCI platform driver
[    1.039105] ohci-platform: OHCI generic platform driver
[    1.040343] uhci_hcd: USB Universal Host Controller Interface driver
[    1.041843] i8042: PNP: PS/2 Controller [PNP0303:PS2K,PNP0f03:PS2M] at 0x60,0x64 irq 1,12
[    1.044541] serio: i8042 KBD port at 0x60,0x64 irq 1
[    1.045763] serio: i8042 AUX port at 0x60,0x64 irq 12
[    1.047356] mousedev: PS/2 mouse device common for all mice
[    1.050123] rtc_cmos rtc_cmos: rtc core: registered rtc_cmos as rtc0
[    1.051593] input: AT Translated Set 2 keyboard as /devices/platform/i8042/serio0/input/input2
[    1.052099] rtc_cmos rtc_cmos: alarms up to one day, 114 bytes nvram
[    1.056030] i2c /dev entries driver
[    1.057595] device-mapper: uevent: version 1.0.3
[    1.059768] device-mapper: ioctl: 4.37.0-ioctl (2017-09-20) initialised: dm-devel@redhat.com
[    1.062098] ledtrig-cpu: registered to indicate activity on CPUs
[    1.064313] NET: Registered protocol family 10
[    1.073171] Segment Routing with IPv6
[    1.074345] NET: Registered protocol family 17
[    1.076165] Key type dns_resolver registered
[    1.078208] mce: Using 0 MCE banks
[    1.079128] RAS: Correctable Errors collector initialized.
[    1.080579] sched_clock: Marking stable (1080550878, 0)->(1393203482, -312652604)
[    1.082799] registered taskstats version 1
[    1.083755] Loading compiled-in X.509 certificates
[    1.089069] Loaded X.509 cert 'Build time autogenerated kernel key: 62d24f9c726e026b112735485dad6e6e4b50c923'
[    1.091198] zswap: loaded using pool lzo/zbud
[    1.098196] Key type big_key registered
[    1.099413] Key type trusted registered
[    1.103686] Key type encrypted registered
[    1.104889] AppArmor: AppArmor sha1 policy hashing enabled
[    1.106212] ima: No TPM chip found, activating TPM-bypass! (rc=-19)
[    1.107592] ima: Allocated hash algorithm: sha1
[    1.108670] evm: HMAC attrs: 0x1
[    1.109772]   Magic number: 4:298:324
[    1.110668] tty tty49: hash matches
[    1.111616] acpi PNP0B00:00: hash matches
[    1.112703] rtc_cmos rtc_cmos: setting system clock to 2020-01-28 09:18:56 UTC (1580203136)
[    1.114951] BIOS EDD facility v0.16 2004-Jun-25, 0 devices found
[    1.116431] EDD information not available.
[    1.194107] Freeing unused kernel image memory: 2428K
[    1.208661] Write protecting the kernel read-only data: 20480k
[    1.213198] Freeing unused kernel image memory: 2008K
[    1.216609] Freeing unused kernel image memory: 1884K
[    1.237601] x86/mm: Checked W+X mappings: passed, no W+X pages found.
[    1.240364] x86/mm: Checking user space page tables
[    1.260258] x86/mm: Checked W+X mappings: passed, no W+X pages found.
Loading, please wait...
starting version 237
[    1.424461] e1000: Intel(R) PRO/1000 Network Driver - version 7.3.21-k8-NAPI
[    1.426487] e1000: Copyright (c) 1999-2006 Intel Corporation.
[    1.429702] Fusion MPT base driver 3.04.20
[    1.431592] Copyright (c) 1999-2008 LSI Corporation
[    1.468174] AVX2 version of gcm_enc/dec engaged.
[    1.469969] AES CTR mode by8 optimization enabled
[    1.483144] Fusion MPT SPI Host driver 3.04.20
[    1.646477] input: ImExPS/2 Generic Explorer Mouse as /devices/platform/i8042/serio1/input/input4
[    1.916272] e1000 0000:00:03.0 eth0: (PCI:33MHz:32-bit) 02:22:e7:1f:39:14
[    1.919081] e1000 0000:00:03.0 eth0: Intel(R) PRO/1000 Network Connection
[    1.924361] e1000 0000:00:03.0 enp0s3: renamed from eth0
[    1.925867] mptbase: ioc0: Initiating bringup
[    2.024721] ioc0: LSI53C1030 A0: Capabilities={Initiator}
[    2.275566] scsi host2: ioc0: LSI53C1030 A0, FwRev=00000000h, Ports=1, MaxQ=256, IRQ=20
[    2.449742] scsi 2:0:0:0: Direct-Access     VBOX     HARDDISK         1.0  PQ: 0 ANSI: 5
[    2.887095] scsi target2:0:0: Beginning Domain Validation
[    2.895657] scsi target2:0:0: Domain Validation skipping write tests
[    2.899029] scsi target2:0:0: Ending Domain Validation
[    2.902071] scsi target2:0:0: asynchronous
[    2.906029] scsi 2:0:1:0: Direct-Access     VBOX     HARDDISK         1.0  PQ: 0 ANSI: 5
[    3.170600] scsi target2:0:1: Beginning Domain Validation
[    3.176027] random: fast init done
[    3.178859] scsi target2:0:1: Domain Validation skipping write tests
[    3.182901] scsi target2:0:1: Ending Domain Validation
[    3.185636] scsi target2:0:1: asynchronous
[    3.198158] random: systemd-udevd: uninitialized urandom read (16 bytes read)
[    3.198842] sd 2:0:0:0: [sda] 20971520 512-byte logical blocks: (10.7 GB/10.0 GiB)
[    3.203088] random: systemd-udevd: uninitialized urandom read (16 bytes read)
[    3.211822] sd 2:0:0:0: Attached scsi generic sg0 type 0
[    3.217786] random: systemd-udevd: uninitialized urandom read (16 bytes read)
[    3.221592] sd 2:0:0:0: [sda] Write Protect is off
[    3.233617] sd 2:0:0:0: [sda] Incomplete mode parameter data
[    3.237905] sd 2:0:0:0: [sda] Assuming drive cache: write through
[    3.240333] sd 2:0:1:0: Attached scsi generic sg1 type 0
[    3.245268] sd 2:0:1:0: [sdb] 20480 512-byte logical blocks: (10.5 MB/10.0 MiB)
[    3.248082] sd 2:0:1:0: [sdb] Write Protect is off
[    3.250052] sd 2:0:1:0: [sdb] Incomplete mode parameter data
[    3.250192]  sda: sda1
[    3.252472] sd 2:0:1:0: [sdb] Assuming drive cache: write through
[    3.258650] sd 2:0:0:0: [sda] Attached SCSI disk
[    3.263337] sd 2:0:1:0: [sdb] Attached SCSI disk
Begin: Loading essential drivers ... [    5.312121] raid6: sse2x1   gen()  5968 MB/s
[    5.360099] raid6: sse2x1   xor()  4188 MB/s
[    5.408896] raid6: sse2x2   gen()  9618 MB/s
[    5.456266] raid6: sse2x2   xor()  5762 MB/s
[    5.504068] raid6: sse2x4   gen()  8786 MB/s
[    5.552385] raid6: sse2x4   xor()  6858 MB/s
[    5.600311] raid6: avx2x1   gen() 12313 MB/s
[    5.648098] raid6: avx2x1   xor()  8009 MB/s
[    5.696093] raid6: avx2x2   gen() 15148 MB/s
[    5.744109] raid6: avx2x2   xor()  9632 MB/s
[    5.792273] raid6: avx2x4   gen() 16533 MB/s
[    5.840248] raid6: avx2x4   xor()  9790 MB/s
[    5.841985] raid6: using algorithm avx2x4 gen() 16533 MB/s
[    5.843526] raid6: .... xor() 9790 MB/s, rmw enabled
[    5.845531] raid6: using avx2x2 recovery algorithm
[    5.849151] xor: automatically using best checksumming function   avx       
[    5.852748] async_tx: api initialized (async)
done.
Begin: Running /scripts/init-premount ... done.
Begin: Mounting root file system ... Begin: Running /scripts/local-top ... done.
Begin: Running /scripts/local-premount ... [    5.926147] Btrfs loaded, crc32c=crc32c-intel
Scanning for Btrfs filesystems
done.
Warning: fsck not present, so skipping root file system
[    5.983444] EXT4-fs (sda1): mounted filesystem with ordered data mode. Opts: (null)
done.
Begin: Running /scripts/local-bottom ... done.
Begin: Running /scripts/init-bottom ... done.
[    6.323303] ip_tables: (C) 2000-2006 Netfilter Core Team
[    6.343422] systemd[1]: systemd 237 running in system mode. (+PAM +AUDIT +SELINUX +IMA +APPARMOR +SMACK +SYSVINIT +UTMP +LIBCRYPTSETUP +GCRYPT +GNUTLS +ACL +XZ +LZ4 +SECCOMP +BLKID +ELFUTILS +KMOD -IDN2 +IDN -PCRE2 default-hierarchy=hybrid)
[    6.353808] systemd[1]: Detected virtualization oracle.
[    6.356301] systemd[1]: Detected architecture x86-64.

Welcome to [1mUbuntu 18.04.3 LTS[0m!

[    6.368430] systemd[1]: Set hostname to <ubuntu>.
[    6.379516] systemd[1]: Initializing machine ID from random generator.
[    6.382886] systemd[1]: Installed transient /etc/machine-id file.
[    6.934886] systemd[1]: Reached target Swap.
[[0;32m  OK  [0m] Reached target Swap.
[    6.938836] systemd[1]: Reached target User and Group Name Lookups.
[[0;32m  OK  [0m] Reached target User and Group Name Lookups.
[    6.943940] systemd[1]: Started Forward Password Requests to Wall Directory Watch.
[[0;32m  OK  [0m] Started Forward Password Requests to Wall Directory Watch.
[    6.954229] systemd[1]: Created slice System Slice.
[[0;32m  OK  [0m] Created slice System Slice.
[[0;32m  OK  [0m] Listening on /dev/initctl Compatibility Named Pipe.
[[0;32m  OK  [0m] Listening on Journal Socket (/dev/log).
[[0;32m  OK  [0m] Listening on udev Control Socket.
[[0;32m  OK  [0m] Listening on Device-mapper event daemon FIFOs.
[[0;32m  OK  [0m] Listening on Journal Audit Socket.
[[0;32m  OK  [0m] Listening on Network Service Netlink Socket.
[[0;32m  OK  [0m] Listening on Journal Socket.
         Mounting Huge Pages File System...
         Starting Remount Root and Kernel File Systems...
         Starting Set the console keyboard layout...
         Starting Uncomplicated firewall...
[[0;32m  OK  [0m] Created slice system-serial\x2dgetty.slice.
[[0;32m  OK  [0m] Listening on LVM2 poll daemon socket.
[[0;32m  OK  [0m] Listening on Syslog Socket.
[[0;32m  OK  [0m] Listening on udev Kernel Socket.
[[0;32m  OK  [0m] Listening on LVM2 metadata daemon socket.
         Starting udev Coldplug all Devices...
[    7.058768] EXT4-fs (sda1): re-mounted. Opts: (null)
[[0;32m  OK  [0m] Created slice User and Session Slice.
[[0;32m  OK  [0m] Reached target Slices.
         Mounting Kernel Debug File System...
         Mounting POSIX Message Queue File System...
         Starting Monitoring of LVM2 mirrorsâ€¦ng dmeventd or progress polling...
[[0;32m  OK  [0m] Reached target System Time Synchronized.
         Starting Create list of required stâ€¦ce nodes for the current kernel...
         Starting Load Kernel Modules...
[[0;32m  OK  [0m] Set up automount Arbitrary Executabâ€¦rmats File System Automount Point.
         Starting Journal Service...
[[0;32m  OK  [0m] Mounted Huge Pages File System.
[[0;32m  OK  [0m] Started Remount Root and Kernel File Systems.
[[0;32m  OK  [0m] Started Uncomplicated firewall.
[[0;32m  OK  [0m] Mounted Kernel Debug File System.
[[0;32m  OK  [0m] Mounted POSIX Message Queue File System.
[[0;32m  OK  [0m] Started Create list of required staâ€¦vice nodes for the current kernel.
         Starting Create Static Device Nodes in /dev...
[    7.187757] Loading iSCSI transport class v2.0-870.
         Starting Load/Save Random Seed...
[[0;32m  OK  [0m] Started LVM2 metadata daemon.
[[0;32m  OK  [0m] Started udev Coldplug all Devices.
[[0;32m  OK  [0m] Started Create Static Device Nodes in /dev.
         Starting udev Kernel Device Manager...
[    7.280811] iscsi: registered transport (tcp)
[[0;32m  OK  [0m] Started Load/Save Random Seed.
[[0;32m  OK  [0m] Started udev Kernel Device Manager.
[[0;32m  OK  [0m] Started Journal Service.
         Starting Flush Journal to Persistent Storage...
[    7.391922] iscsi: registered transport (iser)
[[0;32m  OK  [0m] Started Load Kernel Modules.
         Starting Apply Kernel Variables...
         Mounting FUSE Control File System...
         Mounting Kernel Configuration File System...
[[0;32m  OK  [0m] Started Set the console keyboard layout.
[[0;32m  OK  [0m] Mounted FUSE Control File System.
[[0;32m  OK  [0m] Started Dispatch Password Requests to Console Directory Watch.
[[0;32m  OK  [0m] Reached target Local Encrypted Volumes.
[[0;32m  OK  [0m] Mounted Kernel Configuration File System.
[[0;32m  OK  [0m] Started Apply Kernel Variables.
[[0;32m  OK  [0m] Started Monitoring of LVM2 mirrors,â€¦sing dmeventd or progress polling.
[[0;32m  OK  [0m] Reached target Local File Systems (Pre).
[[0;32m  OK  [0m] Reached target Local File Systems.
         Starting Commit a transient machine-id on disk...
         Starting AppArmor initialization...
         Starting Set console font and keymap...
         Starting ebtables ruleset management...
         Starting Tell Plymouth To Write Out Runtime Data...
[[0;32m  OK  [0m] Started Flush Journal to Persistent Storage.
[[0;32m  OK  [0m] Started Set console font and keymap.
         Starting Create Volatile Files and Directories...
[[0;32m  OK  [0m] Started Tell Plymouth To Write Out Runtime Data.
[[0;32m  OK  [0m] Started Create Volatile Files and Directories.
         Starting Update UTMP about System Boot/Shutdown...
[[0;32m  OK  [0m] Started Commit a transient machine-id on disk.
[[0;32m  OK  [0m] Started ebtables ruleset management.
[[0;32m  OK  [0m] Started Update UTMP about System Boot/Shutdown.
[[0;32m  OK  [0m] Found device /dev/ttyS0.
[[0;32m  OK  [0m] Listening on Load/Save RF Kill Switch Status /dev/rfkill Watch.
[[0;32m  OK  [0m] Started AppArmor initialization.
         Starting Initial cloud-init job (pre-networking)...
[   13.403314] cloud-init[544]: Cloud-init v. 19.3-41-gc4735dd3-0ubuntu1~18.04.1 running 'init-local' at Tue, 28 Jan 2020 09:19:07 +0000. Up 12.38 seconds.
[[0;32m  OK  [0m] Started Initial cloud-init job (pre-networking).
[[0;32m  OK  [0m] Reached target Network (Pre).
         Starting Network Service...
[[0;32m  OK  [0m] Started Network Service.
         Starting Network Name Resolution...
         Starting Wait for Network to be Configured...
[[0;32m  OK  [0m] Started Network Name Resolution.
[[0;32m  OK  [0m] Reached target Network.
[[0;32m  OK  [0m] Reached target Host and Network Name Lookups.
[[0;32m  OK  [0m] Started Wait for Network to be Configured.
         Starting Initial cloud-init job (metadata service crawler)...
[   16.367396] cloud-init[663]: Cloud-init v. 19.3-41-gc4735dd3-0ubuntu1~18.04.1 running 'init' at Tue, 28 Jan 2020 09:19:11 +0000. Up 15.93 seconds.
[   16.371448] cloud-init[663]: ci-info: ++++++++++++++++++++++++++++++++++++++Net device info++++++++++++++++++++++++++++++++++++++
[   16.374899] cloud-init[663]: ci-info: +--------+------+----------------------------+---------------+--------+-------------------+
[   16.378989] cloud-init[663]: ci-info: | Device |  Up  |          Address           |      Mask     | Scope  |     Hw-Address    |
[   16.381899] cloud-init[663]: ci-info: +--------+------+----------------------------+---------------+--------+-------------------+
[   16.384045] cloud-init[663]: ci-info: | enp0s3 | True |         10.0.2.15          | 255.255.255.0 | global | 02:22:e7:1f:39:14 |
[   16.385804] cloud-init[663]: ci-info: | enp0s3 | True | fe80::22:e7ff:fe1f:3914/64 |       .       |  link  | 02:22:e7:1f:39:14 |
[   16.387876] cloud-init[663]: ci-info: |   lo   | True |         127.0.0.1          |   255.0.0.0   |  host  |         .         |
[   16.390072] cloud-init[663]: ci-info: |   lo   | True |          ::1/128           |       .       |  host  |         .         |
[   16.392384] cloud-init[663]: ci-info: +--------+------+----------------------------+---------------+--------+-------------------+
[   16.393901] cloud-init[663]: ci-info: ++++++++++++++++++++++++++++Route IPv4 info+++++++++++++++++++++++++++++
[   16.404364] cloud-init[663]: ci-info: +-------+-------------+----------+-----------------+-----------+-------+
[   16.406239] cloud-init[663]: ci-info: | Route | Destination | Gateway  |     Genmask     | Interface | Flags |
[   16.408020] cloud-init[663]: ci-info: +-------+-------------+----------+-----------------+-----------+-------+
[   16.420469] cloud-init[663]: ci-info: |   0   |   0.0.0.0   | 10.0.2.2 |     0.0.0.0     |   enp0s3  |   UG  |
[   16.422143] cloud-init[663]: ci-info: |   1   |   10.0.2.0  | 0.0.0.0  |  255.255.255.0  |   enp0s3  |   U   |
[   16.423853] cloud-init[663]: ci-info: |   2   |   10.0.2.2  | 0.0.0.0  | 255.255.255.255 |   enp0s3  |   UH  |
[   16.425502] cloud-init[663]: ci-info: +-------+-------------+----------+-----------------+-----------+-------+
[   16.426938] cloud-init[663]: ci-info: +++++++++++++++++++Route IPv6 info+++++++++++++++++++
[   16.428283] cloud-init[663]: ci-info: +-------+-------------+---------+-----------+-------+
[   16.440550] cloud-init[663]: ci-info: | Route | Destination | Gateway | Interface | Flags |
[   16.442295] cloud-init[663]: ci-info: +-------+-------------+---------+-----------+-------+
[   16.443736] cloud-init[663]: ci-info: |   1   |  fe80::/64  |    ::   |   enp0s3  |   U   |
[   16.445282] cloud-init[663]: ci-info: |   3   |    local    |    ::   |   enp0s3  |   U   |
[   16.446636] cloud-init[663]: ci-info: |   4   |   ff00::/8  |    ::   |   enp0s3  |   U   |
[   16.447866] cloud-init[663]: ci-info: +-------+-------------+---------+-----------+-------+
[   17.717076] cloud-init[663]: Generating public/private rsa key pair.
[   17.718615] cloud-init[663]: Your identification has been saved in /etc/ssh/ssh_host_rsa_key.
[   17.721191] cloud-init[663]: Your public key has been saved in /etc/ssh/ssh_host_rsa_key.pub.
[   17.723118] cloud-init[663]: The key fingerprint is:
[   17.724412] cloud-init[663]: SHA256:EG7xUDtalqz3KjHmB/HpUtER3VGVBKitrIzNyaCUJso root@ubuntu-bionic
[   17.726006] cloud-init[663]: The key's randomart image is:
[   17.727727] cloud-init[663]: +---[RSA 2048]----+
[   17.728723] cloud-init[663]: |      +.. .o.o++=|
[   17.729676] cloud-init[663]: |     . * o... .. |
[   17.740944] cloud-init[663]: |      + O.o.     |
[   17.742059] cloud-init[663]: |     ..*.o..     |
[   17.743360] cloud-init[663]: |    . ooSo.      |
[   17.744402] cloud-init[663]: | . + .=.++       |
[   17.756581] cloud-init[663]: |o + .oB*o .      |
[   17.757765] cloud-init[663]: |.E . .+Bo.       |
[   17.758920] cloud-init[663]: |       +.        |
[   17.760224] cloud-init[663]: +----[SHA256]-----+
[   17.761785] cloud-init[663]: Generating public/private dsa key pair.
[   17.763055] cloud-init[663]: Your identification has been saved in /etc/ssh/ssh_host_dsa_key.
[   17.764607] cloud-init[663]: Your public key has been saved in /etc/ssh/ssh_host_dsa_key.pub.
[   17.766097] cloud-init[663]: The key fingerprint is:
[   17.767002] cloud-init[663]: SHA256:FqgWbhtz8RDpNh+z19koAT2Igmn+85qdVBxXIhIoH1c root@ubuntu-bionic
[   17.769258] cloud-init[663]: The key's randomart image is:
[   17.770718] cloud-init[663]: +---[DSA 1024]----+
[   17.772102] cloud-init[663]: |   o .+=Eo. .    |
[   17.773462] cloud-init[663]: |  = + ++o.oo     |
[   17.774813] cloud-init[663]: | o o.=+ o...     |
[   17.776002] cloud-init[663]: |  ...o+=o+.      |
[   17.777291] cloud-init[663]: |   .B..oS+ o +   |
[   17.778542] cloud-init[663]: |   oo= oo o + .  |
[   17.779910] cloud-init[663]: |    .o.  . .     |
[   17.781195] cloud-init[663]: |     +..         |
[   17.782484] cloud-init[663]: |    o.o          |
[   17.783699] cloud-init[663]: +----[SHA256]-----+
[   17.784943] cloud-init[663]: Generating public/private ecdsa key pair.
[   17.786674] cloud-init[663]: Your identification has been saved in /etc/ssh/ssh_host_ecdsa_key.
[   17.788278] cloud-init[663]: Your public key has been saved in /etc/ssh/ssh_host_ecdsa_key.pub.
[   17.789819] cloud-init[663]: The key fingerprint is:
[   17.790764] cloud-init[663]: SHA256:l7C4FuFQc6MbnHUhu4Z8L0q2yzneqGNvsfSyMHWsSIo root@ubuntu-bionic
[   17.793043] cloud-init[663]: The key's randomart image is:
[   17.794267] cloud-init[663]: +---[ECDSA 256]---+
[   17.795242] cloud-init[663]: |      o = o.     |
[   17.796512] cloud-init[663]: |     o * =       |
[   17.797634] cloud-init[663]: |    . * o        |
[   17.808922] cloud-init[663]: |     + B + .     |
[   17.820690] cloud-init[663]: |    . O S o      |
[   17.823048] cloud-init[663]: | . o ooB o       |
[   17.824384] cloud-init[663]: |E . +.*+. .      |
[[0;32m  OK  [0m] Started Initial cloud-init job (metadata service crawler).
[   17.841317] [[0;32m  OK  [0m] Reached target Cloud-config availability.
[[0;32m  OK  [0m] Reached target Network is Online.
cloud-init[663]: |    oB=*..       |
         Starting Availability of block devices...
[[0;32m  OK  [0m] Reached target Remote File Systems (Pre).
[[0;32m  OK  [0m] Reached target Remote File Systems.
[[0;32m  OK  [0m] Reached target System Initialization.
[   17.857123] cloud-init         Starting Socket activation for snappy daemon.
[[0;32m  OK  [0m] Listening on ACPID Listen Socket.
[[0;32m  OK  [0m] Started Daily Cleanup of Temporary Directories.
[[0;32m  OK  [0m] Started Daily apt download activities.
[[0;32m  OK  [0m] Started Daily apt upgrade and clean activities.
[663]: |   ..*@=.        |[
[0;32m  OK  [0m] Listening on Open-iSCSI iscsid Socket.
[   17.881620] cloud-init[663]: [[0;32m  OK  [0m] Started ACPI Events Check.
[[0;32m  OK  [0m] Reached target Paths.
[[0;32m  OK  [0m] Listening on UUID daemon activation socket.
[[0;32m  OK  [0m] Listening on D-Bus System Message Bus Socket.
[[0;32m  OK  [0m] Started Message of the Day.
+----[SHA256]-----+
[   17.886664] cloud-init[663]: Generating public/private ed25519 key pair.         Starting LXD - unix socket.
[[0;32m  OK  [0m] Started Discard unused blocks once a week.
[[0;32m  OK  [0m] Reached target Timers.

[[0;32m  OK  [0m] Started Availability of block devices.
[[0;32m  OK  [0m] Listening on Socket activation for snappy daemon.
[   17.891374] [[0;32m  OK  [0m] Listening on LXD - unix socket.
[[0;32m  OK  [0m] Reached target Sockets.
[[0;32m  OK  [0m] Reached target Basic System.
cloud-init[663]: Your identification has been saved in /etc/ssh/ssh_host_ed25519_key.
[   17.898986]          Starting Login Service...
         Starting Pollinate to seed the pseudo random number generator...
cloud-init         Starting LSB: Record successful boot for GRUB...
         Starting Permit User Sessions...
[663]: Your public key has been saved in /etc/ssh/ssh_host_ed25519_key.pub.
         Starting Virtualbox guest utils...
         Starting LSB: automatic crash report generation...
[   17.919256] cloud-init[663]: The key fingerprint is:
[   17.924416] cloud-init[663]: SHA256:HD1JoLO/BFI8GkJoiJBFuGVR0G9C0l8cvoxL4k1zxcQ root@ubuntu-bionic
[[0;32m  OK  [0m] Started irqbalance daemon.
[   17.928181] cloud-init[663]: The key's randomart image is:
         Starting System Logging Service...
[   17.942711] cloud-init[663]: +--[ED25519 256]--+
[   17.945944] cloud-init[663]: |=***.  .o+o      |
[   17.950251] cloud-init[663]: |*o+ +. oo=E.     |
[   17.960214] cloud-init[663]: |.+.o.o*.o *      |
[   17.961600] cloud-init[663]: |.  ..++B + .     |
[   17.963265] cloud-init[663]: |    +oB S        |
[   17.965092] cloud-init[663]: |   . * *         |
[   17.966485] cloud-init[663]: |    . o o        |
[   17.967677] cloud-init[663]: |       . .       |
         Starting Dispatcher daemon for systemd-networkd...
[[0;32m  OK  [0m] Started FUSE filesystem for LXC.
         Starting Accounts Service...
[[0;32m  OK  [0m] Started Deferred execution scheduler.
[   17.978957] cloud-init[663]: |        .        |
[   17.982718] cloud-init[663]: +----[SHA256]-----+
         Starting Snappy daemon...
[[0;32m  OK  [0m] Started D-Bus System Message Bus.
[[0;32m  OK  [0m] Started Regular background program processing daemon.
         Starting LXD - container startup/shutdown...
[[0;32m  OK  [0m] Started System Logging Service.
[[0;32m  OK  [0m] Started Permit User Sessions.
[[0;32m  OK  [0m] Started Login Service.
[[0;32m  OK  [0m] Started Unattended Upgrades Shutdown.
         Starting Hold until boot process finishes up...
         Starting Terminate Plymouth Boot Screen...
[[0;32m  OK  [0m] Started Hold until boot process finishes up.
[[0;32m  OK  [0m] Started Serial Getty on ttyS0.
         Starting Set console scheme...
[[0;32m  OK  [0m] Started Terminate Plymouth Boot Screen.
[[0;32m  OK  [0m] Started Set console scheme.
[[0;32m  OK  [0m] Created slice system-getty.slice.
[[0;32m  OK  [0m] Started Getty on tty1.
[[0;32m  OK  [0m] Reached target Login Prompts.
         Starting Authorization Manager...
[[0;32m  OK  [0m] Started LSB: automatic crash report generation.
[[0;32m  OK  [0m] Started LSB: Record successful boot for GRUB.
[[0;32m  OK  [0m] Started Authorization Manager.
[[0;32m  OK  [0m] Started Accounts Service.
[[0;32m  OK  [0m] Started Virtualbox guest utils.
[[0;32m  OK  [0m] Started LXD - container startup/shutdown.
[[0;32m  OK  [0m] Started Dispatcher daemon for systemd-networkd.
[[0;32m  OK  [0m] Started Snappy daemon.
         Starting Wait until snapd is fully seeded...
[[0;32m  OK  [0m] Started Pollinate to seed the pseudo random number generator.
         Starting OpenBSD Secure Shell server...
[[0;32m  OK  [0m] Started OpenBSD Secure Shell server.
[[0;32m  OK  [0m] Created slice User Slice of vagrant.
         Starting User Manager for UID 1000...
[[0;32m  OK  [0m] Started Session 1 of user vagrant.
[[0;32m  OK  [0m] Started User Manager for UID 1000.
[[0;32m  OK  [0m] Started Wait until snapd is fully seeded.
         Starting Apply the settings specified in cloud-config...
[[0;32m  OK  [0m] Reached target Multi-User System.
[[0;32m  OK  [0m] Reached target Graphical Interface.
         Starting Update UTMP about System Runlevel Changes...
[[0;32m  OK  [0m] Started Update UTMP about System Runlevel Changes.
[   22.625744] cloud-init[1122]: Cloud-init v. 19.3-41-gc4735dd3-0ubuntu1~18.04.1 running 'modules:config' at Tue, 28 Jan 2020 09:19:16 +0000. Up 21.32 seconds.
[[0;32m  OK  [0m] Started Apply the settings specified in cloud-config.
         Starting Execute cloud user/final scripts...
ci-info: no authorized ssh keys fingerprints found for user ubuntu.
<14>Jan 28 09:19:19 ec2: 
<14>Jan 28 09:19:19 ec2: #############################################################
<14>Jan 28 09:19:19 ec2: -----BEGIN SSH HOST KEY FINGERPRINTS-----
<14>Jan 28 09:19:19 ec2: 1024 SHA256:FqgWbhtz8RDpNh+z19koAT2Igmn+85qdVBxXIhIoH1c root@ubuntu-bionic (DSA)
<14>Jan 28 09:19:19 ec2: 256 SHA256:l7C4FuFQc6MbnHUhu4Z8L0q2yzneqGNvsfSyMHWsSIo root@ubuntu-bionic (ECDSA)
<14>Jan 28 09:19:19 ec2: 256 SHA256:HD1JoLO/BFI8GkJoiJBFuGVR0G9C0l8cvoxL4k1zxcQ root@ubuntu-bionic (ED25519)
<14>Jan 28 09:19:19 ec2: 2048 SHA256:EG7xUDtalqz3KjHmB/HpUtER3VGVBKitrIzNyaCUJso root@ubuntu-bionic (RSA)
<14>Jan 28 09:19:19 ec2: -----END SSH HOST KEY FINGERPRINTS-----
<14>Jan 28 09:19:19 ec2: #############################################################
-----BEGIN SSH HOST KEY KEYS-----
ecdsa-sha2-nistp256 AAAAE2VjZHNhLXNoYTItbmlzdHAyNTYAAAAIbmlzdHAyNTYAAABBBD+opQInL7+ifz1Qq7XWOBwr2fhesOhYhOagOiE+WVZeC/ROfsNeyEykzJ9T+eEN3zq2C0q8EdEH66YLpHVFMR0= root@ubuntu-bionic
ssh-ed25519 AAAAC3NzaC1lZDI1NTE5AAAAIL8O0aWbJEUoztBKNarZOjx5QlTFM5tQVJ6vrHN2z+Gj root@ubuntu-bionic
ssh-rsa AAAAB3NzaC1yc2EAAAADAQABAAABAQDc439xAw5/4cNBz1EPs0ofetsvmn0J/Bg2P04Too3OAOo1++TwGaLa9ypC/WYZEQWI0FkaHCsjESz7u80k0Yv0++r52qGulIixznkYlS1TlF104mMG5NOXgUrsdAADmG/DnUmifPSzaGKBLMf8jWMZUmB9Nm9U3NWoi5EGlDNaTXP5UjI8tloB17+QxFe1VujzIMMs5BdlI3XFBup9/ToHtzdQKxQ10ji5fDO4wC34nFgrzVDaPLuwNlDs1FriiXuxzbu3/xyoC14twUn/H8UChMZ0yFOk+RWhEP3n+lhvZJ6P6EwswrpLXupqtjayoG/sJilnbhcZ+dv5RgiIrCgh root@ubuntu-bionic
-----END SSH HOST KEY KEYS-----
[   24.041672] cloud-init[1239]: Cloud-init v. 19.3-41-gc4735dd3-0ubuntu1~18.04.1 running 'modules:final' at Tue, 28 Jan 2020 09:19:19 +0000. Up 23.72 seconds.
[   24.043347] cloud-init[1239]: ci-info: no authorized ssh keys fingerprints found for user ubuntu.
[   24.044367] cloud-init[1239]: Cloud-init v. 19.3-41-gc4735dd3-0ubuntu1~18.04.1 finished at Tue, 28 Jan 2020 09:19:19 +0000. Datasource DataSourceNoCloud [seed=/dev/sdb][dsmode=net].  Up 24.02 seconds

Ubuntu 18.04.3 LTS ubuntu-bionic ttyS0

ubuntu-bionic login: 